Vertex: OME Node
    Partition: OMEData, Routing Info: [KeyAndMask:0x8cL:0xfffffffe]
Vertex: DRNL Node
    Partition: DRNLData, Routing Info: [KeyAndMask:0x68L:0xfffffff8]
    Partition: OMEDataAck, Routing Info: [KeyAndMask:0xa8L:0xfffffff8]
Vertex: IHCAN Node
    Partition: DRNLDataAck, Routing Info: [KeyAndMask:0x66L:0xffffffff]
Vertex: IHCAN Node
    Partition: DRNLDataAck, Routing Info: [KeyAndMask:0x70L:0xffffffff]
Vertex: IHCAN Node
    Partition: DRNLDataAck, Routing Info: [KeyAndMask:0x73L:0xffffffff]
Vertex: IHCAN Node
    Partition: DRNLDataAck, Routing Info: [KeyAndMask:0x75L:0xffffffff]
Vertex: IHCAN Node
    Partition: DRNLDataAck, Routing Info: [KeyAndMask:0x89L:0xffffffff]
Vertex: DRNL Node
    Partition: DRNLData, Routing Info: [KeyAndMask:0x8L:0xfffffff8]
    Partition: OMEDataAck, Routing Info: [KeyAndMask:0x48L:0xfffffff8]
Vertex: IHCAN Node
    Partition: DRNLDataAck, Routing Info: [KeyAndMask:0x3L:0xffffffff]
Vertex: IHCAN Node
    Partition: DRNLDataAck, Routing Info: [KeyAndMask:0x5L:0xffffffff]
Vertex: IHCAN Node
    Partition: DRNLDataAck, Routing Info: [KeyAndMask:0x7L:0xffffffff]
Vertex: IHCAN Node
    Partition: DRNLDataAck, Routing Info: [KeyAndMask:0x32L:0xffffffff]
Vertex: IHCAN Node
    Partition: DRNLDataAck, Routing Info: [KeyAndMask:0x34L:0xffffffff]
Vertex: OME Node
    Partition: OMEData, Routing Info: [KeyAndMask:0x76L:0xfffffffe]
Vertex: DRNL Node
    Partition: DRNLData, Routing Info: [KeyAndMask:0x58L:0xfffffff8]
    Partition: OMEDataAck, Routing Info: [KeyAndMask:0x80L:0xfffffff8]
Vertex: IHCAN Node
    Partition: DRNLDataAck, Routing Info: [KeyAndMask:0x54L:0xffffffff]
Vertex: IHCAN Node
    Partition: DRNLDataAck, Routing Info: [KeyAndMask:0x60L:0xffffffff]
Vertex: IHCAN Node
    Partition: DRNLDataAck, Routing Info: [KeyAndMask:0x65L:0xffffffff]
Vertex: IHCAN Node
    Partition: DRNLDataAck, Routing Info: [KeyAndMask:0x67L:0xffffffff]
Vertex: IHCAN Node
    Partition: DRNLDataAck, Routing Info: [KeyAndMask:0x71L:0xffffffff]
Vertex: DRNL Node
    Partition: DRNLData, Routing Info: [KeyAndMask:0x90L:0xfffffff8]
    Partition: OMEDataAck, Routing Info: [KeyAndMask:0x20L:0xfffffff8]
Vertex: IHCAN Node
    Partition: DRNLDataAck, Routing Info: [KeyAndMask:0x8eL:0xffffffff]
Vertex: IHCAN Node
    Partition: DRNLDataAck, Routing Info: [KeyAndMask:0x8fL:0xffffffff]
Vertex: IHCAN Node
    Partition: DRNLDataAck, Routing Info: [KeyAndMask:0x0L:0xffffffff]
Vertex: IHCAN Node
    Partition: DRNLDataAck, Routing Info: [KeyAndMask:0x2L:0xffffffff]
Vertex: IHCAN Node
    Partition: DRNLDataAck, Routing Info: [KeyAndMask:0x4L:0xffffffff]
Vertex: OME Node
    Partition: OMEData, Routing Info: [KeyAndMask:0x52L:0xfffffffe]
Vertex: DRNL Node
    Partition: DRNLData, Routing Info: [KeyAndMask:0x38L:0xfffffff8]
    Partition: OMEDataAck, Routing Info: [KeyAndMask:0x78L:0xfffffff8]
Vertex: IHCAN Node
    Partition: DRNLDataAck, Routing Info: [KeyAndMask:0x33L:0xffffffff]
Vertex: IHCAN Node
    Partition: DRNLDataAck, Routing Info: [KeyAndMask:0x35L:0xffffffff]
Vertex: IHCAN Node
    Partition: DRNLDataAck, Routing Info: [KeyAndMask:0x37L:0xffffffff]
Vertex: IHCAN Node
    Partition: DRNLDataAck, Routing Info: [KeyAndMask:0x51L:0xffffffff]
Vertex: IHCAN Node
    Partition: DRNLDataAck, Routing Info: [KeyAndMask:0x56L:0xffffffff]
Vertex: DRNL Node
    Partition: DRNLData, Routing Info: [KeyAndMask:0x10L:0xfffffff8]
    Partition: OMEDataAck, Routing Info: [KeyAndMask:0x40L:0xfffffff8]
Vertex: IHCAN Node
    Partition: DRNLDataAck, Routing Info: [KeyAndMask:0x50L:0xffffffff]
Vertex: IHCAN Node
    Partition: DRNLDataAck, Routing Info: [KeyAndMask:0x74L:0xffffffff]
Vertex: IHCAN Node
    Partition: DRNLDataAck, Routing Info: [KeyAndMask:0x1L:0xffffffff]
Vertex: IHCAN Node
    Partition: DRNLDataAck, Routing Info: [KeyAndMask:0x36L:0xffffffff]
Vertex: IHCAN Node
    Partition: DRNLDataAck, Routing Info: [KeyAndMask:0x72L:0xffffffff]
Vertex: OME Node
    Partition: OMEData, Routing Info: [KeyAndMask:0x62L:0xfffffffe]
Vertex: DRNL Node
    Partition: DRNLData, Routing Info: [KeyAndMask:0xa0L:0xfffffff8]
    Partition: OMEDataAck, Routing Info: [KeyAndMask:0x98L:0xfffffff8]
Vertex: IHCAN Node
    Partition: DRNLDataAck, Routing Info: [KeyAndMask:0x64L:0xffffffff]
Vertex: IHCAN Node
    Partition: DRNLDataAck, Routing Info: [KeyAndMask:0x31L:0xffffffff]
Vertex: IHCAN Node
    Partition: DRNLDataAck, Routing Info: [KeyAndMask:0x61L:0xffffffff]
Vertex: IHCAN Node
    Partition: DRNLDataAck, Routing Info: [KeyAndMask:0x8bL:0xffffffff]
Vertex: IHCAN Node
    Partition: DRNLDataAck, Routing Info: [KeyAndMask:0x30L:0xffffffff]
Vertex: DRNL Node
    Partition: DRNLData, Routing Info: [KeyAndMask:0x28L:0xfffffff8]
    Partition: OMEDataAck, Routing Info: [KeyAndMask:0x18L:0xfffffff8]
Vertex: IHCAN Node
    Partition: DRNLDataAck, Routing Info: [KeyAndMask:0x57L:0xffffffff]
Vertex: IHCAN Node
    Partition: DRNLDataAck, Routing Info: [KeyAndMask:0x8aL:0xffffffff]
Vertex: IHCAN Node
    Partition: DRNLDataAck, Routing Info: [KeyAndMask:0x6L:0xffffffff]
Vertex: IHCAN Node
    Partition: DRNLDataAck, Routing Info: [KeyAndMask:0x55L:0xffffffff]
Vertex: IHCAN Node
    Partition: DRNLDataAck, Routing Info: [KeyAndMask:0x88L:0xffffffff]
