Vertex: OME Node
    Partition: OMEData, Routing Info: [KeyAndMask:0x9eL:0xfffffffe]
Vertex: DRNL Node
    Partition: DRNLData, Routing Info: [KeyAndMask:0x88L:0xfffffff8]
    Partition: OMEDataAck, Routing Info: [KeyAndMask:0x8L:0xfffffff8]
Vertex: IHCAN Node
    Partition: DRNLDataAck, Routing Info: [KeyAndMask:0x7bL:0xffffffff]
Vertex: IHCAN Node
    Partition: DRNLDataAck, Routing Info: [KeyAndMask:0x7eL:0xffffffff]
Vertex: IHCAN Node
    Partition: DRNLDataAck, Routing Info: [KeyAndMask:0x91L:0xffffffff]
Vertex: IHCAN Node
    Partition: DRNLDataAck, Routing Info: [KeyAndMask:0x97L:0xffffffff]
Vertex: IHCAN Node
    Partition: DRNLDataAck, Routing Info: [KeyAndMask:0x9cL:0xffffffff]
Vertex: DRNL Node
    Partition: DRNLData, Routing Info: [KeyAndMask:0x18L:0xfffffff8]
    Partition: OMEDataAck, Routing Info: [KeyAndMask:0x58L:0xfffffff8]
Vertex: IHCAN Node
    Partition: DRNLDataAck, Routing Info: [KeyAndMask:0x4L:0xffffffff]
Vertex: IHCAN Node
    Partition: DRNLDataAck, Routing Info: [KeyAndMask:0x28L:0xffffffff]
Vertex: IHCAN Node
    Partition: DRNLDataAck, Routing Info: [KeyAndMask:0x2bL:0xffffffff]
Vertex: IHCAN Node
    Partition: DRNLDataAck, Routing Info: [KeyAndMask:0x2cL:0xffffffff]
Vertex: IHCAN Node
    Partition: DRNLDataAck, Routing Info: [KeyAndMask:0x2eL:0xffffffff]
Vertex: OME Node
    Partition: OMEData, Routing Info: [KeyAndMask:0x94L:0xfffffffe]
Vertex: DRNL Node
    Partition: DRNLData, Routing Info: [KeyAndMask:0x60L:0xfffffff8]
    Partition: OMEDataAck, Routing Info: [KeyAndMask:0xa0L:0xfffffff8]
Vertex: IHCAN Node
    Partition: DRNLDataAck, Routing Info: [KeyAndMask:0x4dL:0xffffffff]
Vertex: IHCAN Node
    Partition: DRNLDataAck, Routing Info: [KeyAndMask:0x79L:0xffffffff]
Vertex: IHCAN Node
    Partition: DRNLDataAck, Routing Info: [KeyAndMask:0x7aL:0xffffffff]
Vertex: IHCAN Node
    Partition: DRNLDataAck, Routing Info: [KeyAndMask:0x7cL:0xffffffff]
Vertex: IHCAN Node
    Partition: DRNLDataAck, Routing Info: [KeyAndMask:0x90L:0xffffffff]
Vertex: DRNL Node
    Partition: DRNLData, Routing Info: [KeyAndMask:0xa8L:0xfffffff8]
    Partition: OMEDataAck, Routing Info: [KeyAndMask:0x30L:0xfffffff8]
Vertex: IHCAN Node
    Partition: DRNLDataAck, Routing Info: [KeyAndMask:0x9dL:0xffffffff]
Vertex: IHCAN Node
    Partition: DRNLDataAck, Routing Info: [KeyAndMask:0x0L:0xffffffff]
Vertex: IHCAN Node
    Partition: DRNLDataAck, Routing Info: [KeyAndMask:0x2L:0xffffffff]
Vertex: IHCAN Node
    Partition: DRNLDataAck, Routing Info: [KeyAndMask:0x3L:0xffffffff]
Vertex: IHCAN Node
    Partition: DRNLDataAck, Routing Info: [KeyAndMask:0x7L:0xffffffff]
Vertex: OME Node
    Partition: OMEData, Routing Info: [KeyAndMask:0x92L:0xfffffffe]
Vertex: DRNL Node
    Partition: DRNLData, Routing Info: [KeyAndMask:0x40L:0xfffffff8]
    Partition: OMEDataAck, Routing Info: [KeyAndMask:0x10L:0xfffffff8]
Vertex: IHCAN Node
    Partition: DRNLDataAck, Routing Info: [KeyAndMask:0x2dL:0xffffffff]
Vertex: IHCAN Node
    Partition: DRNLDataAck, Routing Info: [KeyAndMask:0x48L:0xffffffff]
Vertex: IHCAN Node
    Partition: DRNLDataAck, Routing Info: [KeyAndMask:0x4aL:0xffffffff]
Vertex: IHCAN Node
    Partition: DRNLDataAck, Routing Info: [KeyAndMask:0x4cL:0xffffffff]
Vertex: IHCAN Node
    Partition: DRNLDataAck, Routing Info: [KeyAndMask:0x78L:0xffffffff]
Vertex: DRNL Node
    Partition: DRNLData, Routing Info: [KeyAndMask:0x50L:0xfffffff8]
    Partition: OMEDataAck, Routing Info: [KeyAndMask:0x80L:0xfffffff8]
Vertex: IHCAN Node
    Partition: DRNLDataAck, Routing Info: [KeyAndMask:0x7fL:0xffffffff]
Vertex: IHCAN Node
    Partition: DRNLDataAck, Routing Info: [KeyAndMask:0x1L:0xffffffff]
Vertex: IHCAN Node
    Partition: DRNLDataAck, Routing Info: [KeyAndMask:0x2fL:0xffffffff]
Vertex: IHCAN Node
    Partition: DRNLDataAck, Routing Info: [KeyAndMask:0x7dL:0xffffffff]
Vertex: IHCAN Node
    Partition: DRNLDataAck, Routing Info: [KeyAndMask:0x49L:0xffffffff]
Vertex: OME Node
    Partition: OMEData, Routing Info: [KeyAndMask:0x9aL:0xfffffffe]
Vertex: DRNL Node
    Partition: DRNLData, Routing Info: [KeyAndMask:0x38L:0xfffffff8]
    Partition: OMEDataAck, Routing Info: [KeyAndMask:0x20L:0xfffffff8]
Vertex: IHCAN Node
    Partition: DRNLDataAck, Routing Info: [KeyAndMask:0x2aL:0xffffffff]
Vertex: IHCAN Node
    Partition: DRNLDataAck, Routing Info: [KeyAndMask:0x4fL:0xffffffff]
Vertex: IHCAN Node
    Partition: DRNLDataAck, Routing Info: [KeyAndMask:0x99L:0xffffffff]
Vertex: IHCAN Node
    Partition: DRNLDataAck, Routing Info: [KeyAndMask:0x29L:0xffffffff]
Vertex: IHCAN Node
    Partition: DRNLDataAck, Routing Info: [KeyAndMask:0x4eL:0xffffffff]
Vertex: DRNL Node
    Partition: DRNLData, Routing Info: [KeyAndMask:0x70L:0xfffffff8]
    Partition: OMEDataAck, Routing Info: [KeyAndMask:0x68L:0xfffffff8]
Vertex: IHCAN Node
    Partition: DRNLDataAck, Routing Info: [KeyAndMask:0x98L:0xffffffff]
Vertex: IHCAN Node
    Partition: DRNLDataAck, Routing Info: [KeyAndMask:0x6L:0xffffffff]
Vertex: IHCAN Node
    Partition: DRNLDataAck, Routing Info: [KeyAndMask:0x4bL:0xffffffff]
Vertex: IHCAN Node
    Partition: DRNLDataAck, Routing Info: [KeyAndMask:0x96L:0xffffffff]
Vertex: IHCAN Node
    Partition: DRNLDataAck, Routing Info: [KeyAndMask:0x5L:0xffffffff]
