Vertex: OME Node
    Partition: OMEData, Routing Info: [KeyAndMask:0x8aL:0xfffffffe]
Vertex: DRNL Node
    Partition: DRNLData, Routing Info: [KeyAndMask:0x48L:0xfffffff8]
    Partition: OMEDataAck, Routing Info: [KeyAndMask:0xa0L:0xfffffff8]
Vertex: IHCAN Node
    Partition: DRNLDataAck, Routing Info: [KeyAndMask:0x46L:0xffffffff]
Vertex: IHCAN Node
    Partition: DRNLDataAck, Routing Info: [KeyAndMask:0x60L:0xffffffff]
Vertex: IHCAN Node
    Partition: DRNLDataAck, Routing Info: [KeyAndMask:0x62L:0xffffffff]
Vertex: IHCAN Node
    Partition: DRNLDataAck, Routing Info: [KeyAndMask:0x63L:0xffffffff]
Vertex: IHCAN Node
    Partition: DRNLDataAck, Routing Info: [KeyAndMask:0x67L:0xffffffff]
Vertex: DRNL Node
    Partition: DRNLData, Routing Info: [KeyAndMask:0xa8L:0xfffffff8]
    Partition: OMEDataAck, Routing Info: [KeyAndMask:0x28L:0xfffffff8]
Vertex: IHCAN Node
    Partition: DRNLDataAck, Routing Info: [KeyAndMask:0x1L:0xffffffff]
Vertex: IHCAN Node
    Partition: DRNLDataAck, Routing Info: [KeyAndMask:0x5L:0xffffffff]
Vertex: IHCAN Node
    Partition: DRNLDataAck, Routing Info: [KeyAndMask:0x10L:0xffffffff]
Vertex: IHCAN Node
    Partition: DRNLDataAck, Routing Info: [KeyAndMask:0x14L:0xffffffff]
Vertex: IHCAN Node
    Partition: DRNLDataAck, Routing Info: [KeyAndMask:0x21L:0xffffffff]
Vertex: OME Node
    Partition: OMEData, Routing Info: [KeyAndMask:0x64L:0xfffffffe]
Vertex: DRNL Node
    Partition: DRNLData, Routing Info: [KeyAndMask:0x30L:0xfffffff8]
    Partition: OMEDataAck, Routing Info: [KeyAndMask:0x70L:0xfffffff8]
Vertex: IHCAN Node
    Partition: DRNLDataAck, Routing Info: [KeyAndMask:0x27L:0xffffffff]
Vertex: IHCAN Node
    Partition: DRNLDataAck, Routing Info: [KeyAndMask:0x41L:0xffffffff]
Vertex: IHCAN Node
    Partition: DRNLDataAck, Routing Info: [KeyAndMask:0x44L:0xffffffff]
Vertex: IHCAN Node
    Partition: DRNLDataAck, Routing Info: [KeyAndMask:0x47L:0xffffffff]
Vertex: IHCAN Node
    Partition: DRNLDataAck, Routing Info: [KeyAndMask:0x61L:0xffffffff]
Vertex: DRNL Node
    Partition: DRNLData, Routing Info: [KeyAndMask:0x80L:0xfffffff8]
    Partition: OMEDataAck, Routing Info: [KeyAndMask:0x8L:0xfffffff8]
Vertex: IHCAN Node
    Partition: DRNLDataAck, Routing Info: [KeyAndMask:0x8cL:0xffffffff]
Vertex: IHCAN Node
    Partition: DRNLDataAck, Routing Info: [KeyAndMask:0x8eL:0xffffffff]
Vertex: IHCAN Node
    Partition: DRNLDataAck, Routing Info: [KeyAndMask:0x8fL:0xffffffff]
Vertex: IHCAN Node
    Partition: DRNLDataAck, Routing Info: [KeyAndMask:0x0L:0xffffffff]
Vertex: IHCAN Node
    Partition: DRNLDataAck, Routing Info: [KeyAndMask:0x3L:0xffffffff]
Vertex: OME Node
    Partition: OMEData, Routing Info: [KeyAndMask:0x6L:0xfffffffe]
Vertex: DRNL Node
    Partition: DRNLData, Routing Info: [KeyAndMask:0x18L:0xfffffff8]
    Partition: OMEDataAck, Routing Info: [KeyAndMask:0x38L:0xfffffff8]
Vertex: IHCAN Node
    Partition: DRNLDataAck, Routing Info: [KeyAndMask:0x20L:0xffffffff]
Vertex: IHCAN Node
    Partition: DRNLDataAck, Routing Info: [KeyAndMask:0x22L:0xffffffff]
Vertex: IHCAN Node
    Partition: DRNLDataAck, Routing Info: [KeyAndMask:0x23L:0xffffffff]
Vertex: IHCAN Node
    Partition: DRNLDataAck, Routing Info: [KeyAndMask:0x25L:0xffffffff]
Vertex: IHCAN Node
    Partition: DRNLDataAck, Routing Info: [KeyAndMask:0x40L:0xffffffff]
Vertex: DRNL Node
    Partition: DRNLData, Routing Info: [KeyAndMask:0x78L:0xfffffff8]
    Partition: OMEDataAck, Routing Info: [KeyAndMask:0x68L:0xfffffff8]
Vertex: IHCAN Node
    Partition: DRNLDataAck, Routing Info: [KeyAndMask:0x4L:0xffffffff]
Vertex: IHCAN Node
    Partition: DRNLDataAck, Routing Info: [KeyAndMask:0x26L:0xffffffff]
Vertex: IHCAN Node
    Partition: DRNLDataAck, Routing Info: [KeyAndMask:0x66L:0xffffffff]
Vertex: IHCAN Node
    Partition: DRNLDataAck, Routing Info: [KeyAndMask:0x2L:0xffffffff]
Vertex: IHCAN Node
    Partition: DRNLDataAck, Routing Info: [KeyAndMask:0x24L:0xffffffff]
Vertex: OME Node
    Partition: OMEData, Routing Info: [KeyAndMask:0x16L:0xfffffffe]
Vertex: DRNL Node
    Partition: DRNLData, Routing Info: [KeyAndMask:0x58L:0xfffffff8]
    Partition: OMEDataAck, Routing Info: [KeyAndMask:0x50L:0xfffffff8]
Vertex: IHCAN Node
    Partition: DRNLDataAck, Routing Info: [KeyAndMask:0x11L:0xffffffff]
Vertex: IHCAN Node
    Partition: DRNLDataAck, Routing Info: [KeyAndMask:0x88L:0xffffffff]
Vertex: IHCAN Node
    Partition: DRNLDataAck, Routing Info: [KeyAndMask:0x15L:0xffffffff]
Vertex: IHCAN Node
    Partition: DRNLDataAck, Routing Info: [KeyAndMask:0x45L:0xffffffff]
Vertex: IHCAN Node
    Partition: DRNLDataAck, Routing Info: [KeyAndMask:0x8dL:0xffffffff]
Vertex: DRNL Node
    Partition: DRNLData, Routing Info: [KeyAndMask:0x98L:0xfffffff8]
    Partition: OMEDataAck, Routing Info: [KeyAndMask:0x90L:0xfffffff8]
Vertex: IHCAN Node
    Partition: DRNLDataAck, Routing Info: [KeyAndMask:0x13L:0xffffffff]
Vertex: IHCAN Node
    Partition: DRNLDataAck, Routing Info: [KeyAndMask:0x43L:0xffffffff]
Vertex: IHCAN Node
    Partition: DRNLDataAck, Routing Info: [KeyAndMask:0x89L:0xffffffff]
Vertex: IHCAN Node
    Partition: DRNLDataAck, Routing Info: [KeyAndMask:0x12L:0xffffffff]
Vertex: IHCAN Node
    Partition: DRNLDataAck, Routing Info: [KeyAndMask:0x42L:0xffffffff]
